[12152:15688:1001/212739.855:WARNING:t_skinfilemap.cpp(56)] SGRenderLog:CheckUpdate newMem.OpenMem failed, szNewMem:Local\sgime_skin.v4.filemap.sogouime err:系统错误2: 系统找不到指定的文件。  
打开Filemap失败: Local\sgime_skin.v4.filemap.sogouime2981d641de7
[12152:15688:1001/212739.855:WARNING:t_skinfilemap.cpp(65)] SGRenderLog:CheckUpdate finish: old version:1
[12152:15688:1001/212739.855:WARNING:t_skinfilemap.cpp(67)] SGRenderLog:CheckUpdate finish: new version:4
[2836:13528:1001/212854.750:WARNING:t_skinfilemap.cpp(56)] SGRenderLog:CheckUpdate newMem.OpenMem failed, szNewMem:Local\sgime_skin.v4.filemap.sogouime err:系统错误2: 系统找不到指定的文件。  
打开Filemap失败: Local\sgime_skin.v4.filemap.sogouime2981d641de7
[2836:13528:1001/212854.750:WARNING:t_skinfilemap.cpp(65)] SGRenderLog:CheckUpdate finish: old version:1
[2836:13528:1001/212854.750:WARNING:t_skinfilemap.cpp(67)] SGRenderLog:CheckUpdate finish: new version:4
[4788:7820:1001/212915.865:WARNING:t_skinfilemap.cpp(56)] SGRenderLog:CheckUpdate newMem.OpenMem failed, szNewMem:Local\sgime_skin.v4.filemap.sogouime err:系统错误2: 系统找不到指定的文件。  
打开Filemap失败: Local\sgime_skin.v4.filemap.sogouime2981d641de7
[4788:7820:1001/212915.865:WARNING:t_skinfilemap.cpp(65)] SGRenderLog:CheckUpdate finish: old version:1
[4788:7820:1001/212915.865:WARNING:t_skinfilemap.cpp(67)] SGRenderLog:CheckUpdate finish: new version:4
[9748:8564:1001/212930.122:WARNING:t_skinfilemap.cpp(56)] SGRenderLog:CheckUpdate newMem.OpenMem failed, szNewMem:Local\sgime_skin.v4.filemap.sogouime err:系统错误2: 系统找不到指定的文件。  
打开Filemap失败: Local\sgime_skin.v4.filemap.sogouime2981d641de7
[9748:8564:1001/212930.122:WARNING:t_skinfilemap.cpp(65)] SGRenderLog:CheckUpdate finish: old version:1
[9748:8564:1001/212930.122:WARNING:t_skinfilemap.cpp(67)] SGRenderLog:CheckUpdate finish: new version:4
[13464:10544:1001/212957.306:WARNING:t_skinfilemap.cpp(56)] SGRenderLog:CheckUpdate newMem.OpenMem failed, szNewMem:Local\sgime_skin.v5.filemap.sogouime err:系统错误2: 系统找不到指定的文件。  
打开Filemap失败: Local\sgime_skin.v5.filemap.sogouime2981d641de7
[13464:10544:1001/212957.307:WARNING:t_skinfilemap.cpp(65)] SGRenderLog:CheckUpdate finish: old version:1
[13464:10544:1001/212957.307:WARNING:t_skinfilemap.cpp(67)] SGRenderLog:CheckUpdate finish: new version:5
[13944:17060:1001/213032.041:WARNING:t_skinfilemap.cpp(56)] SGRenderLog:CheckUpdate newMem.OpenMem failed, szNewMem:Local\sgime_skin.v5.filemap.sogouime err:系统错误2: 系统找不到指定的文件。  
打开Filemap失败: Local\sgime_skin.v5.filemap.sogouime2981d641de7
[13944:17060:1001/213032.041:WARNING:t_skinfilemap.cpp(65)] SGRenderLog:CheckUpdate finish: old version:1
[13944:17060:1001/213032.041:WARNING:t_skinfilemap.cpp(67)] SGRenderLog:CheckUpdate finish: new version:5
[9696:6836:1001/213043.360:WARNING:t_skinfilemap.cpp(56)] SGRenderLog:CheckUpdate newMem.OpenMem failed, szNewMem:Local\sgime_skin.v5.filemap.sogouime err:系统错误2: 系统找不到指定的文件。  
打开Filemap失败: Local\sgime_skin.v5.filemap.sogouime2981d641de7
[9696:6836:1001/213043.360:WARNING:t_skinfilemap.cpp(65)] SGRenderLog:CheckUpdate finish: old version:1
[9696:6836:1001/213043.360:WARNING:t_skinfilemap.cpp(67)] SGRenderLog:CheckUpdate finish: new version:5
[1700:4300:1006/121144.083:WARNING:t_skinfilemap.cpp(56)] SGRenderLog:CheckUpdate newMem.OpenMem failed, szNewMem:Local\sgime_skin.v3.filemap.sogouime err:系统错误2: 系统找不到指定的文件。  
打开Filemap失败: Local\sgime_skin.v3.filemap.sogouime2981d641de7
[1700:4300:1006/121144.083:WARNING:t_skinfilemap.cpp(65)] SGRenderLog:CheckUpdate finish: old version:1
[1700:4300:1006/121144.083:WARNING:t_skinfilemap.cpp(67)] SGRenderLog:CheckUpdate finish: new version:3
[1700:4300:1006/121144.114:WARNING:t_skinfilemap.cpp(63)] SGRenderLog:CheckUpdate newMem.OpenMem Suc, szNewMem:Local\sgime_skin.Dpi120.v3.filemap.sogouime
[1700:4300:1006/121144.114:WARNING:t_skinfilemap.cpp(65)] SGRenderLog:CheckUpdate finish: old version:3
[1700:4300:1006/121144.114:WARNING:t_skinfilemap.cpp(67)] SGRenderLog:CheckUpdate finish: new version:3
[9644:260:1006/122029.579:WARNING:t_skinfilemap.cpp(56)] SGRenderLog:CheckUpdate newMem.OpenMem failed, szNewMem:Local\sgime_skin.v3.filemap.sogouime err:系统错误2: 系统找不到指定的文件。  
打开Filemap失败: Local\sgime_skin.v3.filemap.sogouime2981d641de7
[9644:260:1006/122029.579:WARNING:t_skinfilemap.cpp(65)] SGRenderLog:CheckUpdate finish: old version:1
[9644:260:1006/122029.579:WARNING:t_skinfilemap.cpp(67)] SGRenderLog:CheckUpdate finish: new version:3
[9644:260:1006/122029.611:WARNING:t_skinfilemap.cpp(63)] SGRenderLog:CheckUpdate newMem.OpenMem Suc, szNewMem:Local\sgime_skin.Dpi120.v3.filemap.sogouime
[9644:260:1006/122029.611:WARNING:t_skinfilemap.cpp(65)] SGRenderLog:CheckUpdate finish: old version:3
[9644:260:1006/122029.611:WARNING:t_skinfilemap.cpp(67)] SGRenderLog:CheckUpdate finish: new version:3
[15096:15592:1006/122130.599:WARNING:t_skinfilemap.cpp(56)] SGRenderLog:CheckUpdate newMem.OpenMem failed, szNewMem:Local\sgime_skin.v4.filemap.sogouime err:系统错误2: 系统找不到指定的文件。  
打开Filemap失败: Local\sgime_skin.v4.filemap.sogouime2981d641de7
[15096:15592:1006/122130.599:WARNING:t_skinfilemap.cpp(65)] SGRenderLog:CheckUpdate finish: old version:1
[15096:15592:1006/122130.599:WARNING:t_skinfilemap.cpp(67)] SGRenderLog:CheckUpdate finish: new version:4
[15096:15592:1006/122130.628:WARNING:t_skinfilemap.cpp(63)] SGRenderLog:CheckUpdate newMem.OpenMem Suc, szNewMem:Local\sgime_skin.Dpi120.v4.filemap.sogouime
[15096:15592:1006/122130.628:WARNING:t_skinfilemap.cpp(65)] SGRenderLog:CheckUpdate finish: old version:4
[15096:15592:1006/122130.628:WARNING:t_skinfilemap.cpp(67)] SGRenderLog:CheckUpdate finish: new version:4
[16072:12364:1006/122212.805:WARNING:t_skinfilemap.cpp(56)] SGRenderLog:CheckUpdate newMem.OpenMem failed, szNewMem:Local\sgime_skin.v4.filemap.sogouime err:系统错误2: 系统找不到指定的文件。  
打开Filemap失败: Local\sgime_skin.v4.filemap.sogouime2981d641de7
[16072:12364:1006/122212.805:WARNING:t_skinfilemap.cpp(65)] SGRenderLog:CheckUpdate finish: old version:1
[16072:12364:1006/122212.805:WARNING:t_skinfilemap.cpp(67)] SGRenderLog:CheckUpdate finish: new version:4
[16072:12364:1006/122212.839:WARNING:t_skinfilemap.cpp(63)] SGRenderLog:CheckUpdate newMem.OpenMem Suc, szNewMem:Local\sgime_skin.Dpi120.v4.filemap.sogouime
[16072:12364:1006/122212.839:WARNING:t_skinfilemap.cpp(65)] SGRenderLog:CheckUpdate finish: old version:4
[16072:12364:1006/122212.839:WARNING:t_skinfilemap.cpp(67)] SGRenderLog:CheckUpdate finish: new version:4
[12532:15564:1006/122317.819:WARNING:t_skinfilemap.cpp(56)] SGRenderLog:CheckUpdate newMem.OpenMem failed, szNewMem:Local\sgime_skin.v4.filemap.sogouime err:系统错误2: 系统找不到指定的文件。  
打开Filemap失败: Local\sgime_skin.v4.filemap.sogouime2981d641de7
[12532:15564:1006/122317.819:WARNING:t_skinfilemap.cpp(65)] SGRenderLog:CheckUpdate finish: old version:1
[12532:15564:1006/122317.819:WARNING:t_skinfilemap.cpp(67)] SGRenderLog:CheckUpdate finish: new version:4
[12532:15564:1006/122317.850:WARNING:t_skinfilemap.cpp(63)] SGRenderLog:CheckUpdate newMem.OpenMem Suc, szNewMem:Local\sgime_skin.Dpi120.v4.filemap.sogouime
[12532:15564:1006/122317.850:WARNING:t_skinfilemap.cpp(65)] SGRenderLog:CheckUpdate finish: old version:4
[12532:15564:1006/122317.850:WARNING:t_skinfilemap.cpp(67)] SGRenderLog:CheckUpdate finish: new version:4
[15816:16096:1006/122620.823:WARNING:t_skinfilemap.cpp(56)] SGRenderLog:CheckUpdate newMem.OpenMem failed, szNewMem:Local\sgime_skin.v4.filemap.sogouime err:系统错误2: 系统找不到指定的文件。  
打开Filemap失败: Local\sgime_skin.v4.filemap.sogouime2981d641de7
[15816:16096:1006/122620.823:WARNING:t_skinfilemap.cpp(65)] SGRenderLog:CheckUpdate finish: old version:1
[15816:16096:1006/122620.823:WARNING:t_skinfilemap.cpp(67)] SGRenderLog:CheckUpdate finish: new version:4
[15816:16096:1006/122620.855:WARNING:t_skinfilemap.cpp(63)] SGRenderLog:CheckUpdate newMem.OpenMem Suc, szNewMem:Local\sgime_skin.Dpi120.v4.filemap.sogouime
[15816:16096:1006/122620.855:WARNING:t_skinfilemap.cpp(65)] SGRenderLog:CheckUpdate finish: old version:4
[15816:16096:1006/122620.855:WARNING:t_skinfilemap.cpp(67)] SGRenderLog:CheckUpdate finish: new version:4
[7244:9244:1006/124920.468:WARNING:t_skinfilemap.cpp(56)] SGRenderLog:CheckUpdate newMem.OpenMem failed, szNewMem:Local\sgime_skin.v5.filemap.sogouime err:系统错误2: 系统找不到指定的文件。  
打开Filemap失败: Local\sgime_skin.v5.filemap.sogouime2981d641de7
[7244:9244:1006/124920.468:WARNING:t_skinfilemap.cpp(65)] SGRenderLog:CheckUpdate finish: old version:1
[7244:9244:1006/124920.468:WARNING:t_skinfilemap.cpp(67)] SGRenderLog:CheckUpdate finish: new version:5
[7244:9244:1006/124920.500:WARNING:t_skinfilemap.cpp(63)] SGRenderLog:CheckUpdate newMem.OpenMem Suc, szNewMem:Local\sgime_skin.Dpi120.v5.filemap.sogouime
[7244:9244:1006/124920.500:WARNING:t_skinfilemap.cpp(65)] SGRenderLog:CheckUpdate finish: old version:5
[7244:9244:1006/124920.500:WARNING:t_skinfilemap.cpp(67)] SGRenderLog:CheckUpdate finish: new version:5
[10620:8596:1006/125039.109:WARNING:t_skinfilemap.cpp(56)] SGRenderLog:CheckUpdate newMem.OpenMem failed, szNewMem:Local\sgime_skin.v6.filemap.sogouime err:系统错误2: 系统找不到指定的文件。  
打开Filemap失败: Local\sgime_skin.v6.filemap.sogouime2981d641de7
[10620:8596:1006/125039.109:WARNING:t_skinfilemap.cpp(65)] SGRenderLog:CheckUpdate finish: old version:1
[10620:8596:1006/125039.109:WARNING:t_skinfilemap.cpp(67)] SGRenderLog:CheckUpdate finish: new version:6
[10620:8596:1006/125039.149:WARNING:t_skinfilemap.cpp(63)] SGRenderLog:CheckUpdate newMem.OpenMem Suc, szNewMem:Local\sgime_skin.Dpi120.v6.filemap.sogouime
[10620:8596:1006/125039.149:WARNING:t_skinfilemap.cpp(65)] SGRenderLog:CheckUpdate finish: old version:6
[10620:8596:1006/125039.149:WARNING:t_skinfilemap.cpp(67)] SGRenderLog:CheckUpdate finish: new version:6
[14236:4788:1006/125329.838:WARNING:t_skinfilemap.cpp(56)] SGRenderLog:CheckUpdate newMem.OpenMem failed, szNewMem:Local\sgime_skin.v6.filemap.sogouime err:系统错误2: 系统找不到指定的文件。  
打开Filemap失败: Local\sgime_skin.v6.filemap.sogouime2981d641de7
[14236:4788:1006/125329.838:WARNING:t_skinfilemap.cpp(65)] SGRenderLog:CheckUpdate finish: old version:1
[14236:4788:1006/125329.838:WARNING:t_skinfilemap.cpp(67)] SGRenderLog:CheckUpdate finish: new version:6
[14236:4788:1006/125329.869:WARNING:t_skinfilemap.cpp(63)] SGRenderLog:CheckUpdate newMem.OpenMem Suc, szNewMem:Local\sgime_skin.Dpi120.v6.filemap.sogouime
[14236:4788:1006/125329.869:WARNING:t_skinfilemap.cpp(65)] SGRenderLog:CheckUpdate finish: old version:6
[14236:4788:1006/125329.869:WARNING:t_skinfilemap.cpp(67)] SGRenderLog:CheckUpdate finish: new version:6
[2124:2096:1006/125436.096:WARNING:t_skinfilemap.cpp(56)] SGRenderLog:CheckUpdate newMem.OpenMem failed, szNewMem:Local\sgime_skin.v6.filemap.sogouime err:系统错误2: 系统找不到指定的文件。  
打开Filemap失败: Local\sgime_skin.v6.filemap.sogouime2981d641de7
[2124:2096:1006/125436.096:WARNING:t_skinfilemap.cpp(65)] SGRenderLog:CheckUpdate finish: old version:1
[2124:2096:1006/125436.096:WARNING:t_skinfilemap.cpp(67)] SGRenderLog:CheckUpdate finish: new version:6
[2124:2096:1006/125436.127:WARNING:t_skinfilemap.cpp(63)] SGRenderLog:CheckUpdate newMem.OpenMem Suc, szNewMem:Local\sgime_skin.Dpi120.v6.filemap.sogouime
[2124:2096:1006/125436.127:WARNING:t_skinfilemap.cpp(65)] SGRenderLog:CheckUpdate finish: old version:6
[2124:2096:1006/125436.127:WARNING:t_skinfilemap.cpp(67)] SGRenderLog:CheckUpdate finish: new version:6
[7564:2260:1006/125509.795:WARNING:t_skinfilemap.cpp(56)] SGRenderLog:CheckUpdate newMem.OpenMem failed, szNewMem:Local\sgime_skin.v7.filemap.sogouime err:系统错误2: 系统找不到指定的文件。  
打开Filemap失败: Local\sgime_skin.v7.filemap.sogouime2981d641de7
[7564:2260:1006/125509.795:WARNING:t_skinfilemap.cpp(65)] SGRenderLog:CheckUpdate finish: old version:1
[7564:2260:1006/125509.795:WARNING:t_skinfilemap.cpp(67)] SGRenderLog:CheckUpdate finish: new version:7
[7564:2260:1006/125509.827:WARNING:t_skinfilemap.cpp(56)] SGRenderLog:CheckUpdate newMem.OpenMem failed, szNewMem:Local\sgime_skin.Dpi120.v7.filemap.sogouime err:系统错误2: 系统找不到指定的文件。  
打开Filemap失败: Local\sgime_skin.Dpi120.v7.filemap.sogouime2981d641de7
[7564:2260:1006/125509.827:WARNING:t_skinfilemap.cpp(65)] SGRenderLog:CheckUpdate finish: old version:7
[7564:2260:1006/125509.827:WARNING:t_skinfilemap.cpp(67)] SGRenderLog:CheckUpdate finish: new version:7
[3588:16060:1006/125823.996:WARNING:t_skinfilemap.cpp(56)] SGRenderLog:CheckUpdate newMem.OpenMem failed, szNewMem:Local\sgime_skin.v7.filemap.sogouime err:系统错误2: 系统找不到指定的文件。  
打开Filemap失败: Local\sgime_skin.v7.filemap.sogouime2981d641de7
[3588:16060:1006/125823.996:WARNING:t_skinfilemap.cpp(65)] SGRenderLog:CheckUpdate finish: old version:1
[3588:16060:1006/125823.996:WARNING:t_skinfilemap.cpp(67)] SGRenderLog:CheckUpdate finish: new version:7
[3588:16060:1006/125824.027:WARNING:t_skinfilemap.cpp(63)] SGRenderLog:CheckUpdate newMem.OpenMem Suc, szNewMem:Local\sgime_skin.Dpi120.v7.filemap.sogouime
[3588:16060:1006/125824.027:WARNING:t_skinfilemap.cpp(65)] SGRenderLog:CheckUpdate finish: old version:7
[3588:16060:1006/125824.027:WARNING:t_skinfilemap.cpp(67)] SGRenderLog:CheckUpdate finish: new version:7
[12204:4136:1006/125912.816:WARNING:t_skinfilemap.cpp(56)] SGRenderLog:CheckUpdate newMem.OpenMem failed, szNewMem:Local\sgime_skin.v7.filemap.sogouime err:系统错误2: 系统找不到指定的文件。  
打开Filemap失败: Local\sgime_skin.v7.filemap.sogouime2981d641de7
[12204:4136:1006/125912.816:WARNING:t_skinfilemap.cpp(65)] SGRenderLog:CheckUpdate finish: old version:1
[12204:4136:1006/125912.816:WARNING:t_skinfilemap.cpp(67)] SGRenderLog:CheckUpdate finish: new version:7
[12204:4136:1006/125912.851:WARNING:t_skinfilemap.cpp(63)] SGRenderLog:CheckUpdate newMem.OpenMem Suc, szNewMem:Local\sgime_skin.Dpi120.v7.filemap.sogouime
[12204:4136:1006/125912.851:WARNING:t_skinfilemap.cpp(65)] SGRenderLog:CheckUpdate finish: old version:7
[12204:4136:1006/125912.851:WARNING:t_skinfilemap.cpp(67)] SGRenderLog:CheckUpdate finish: new version:7
[4024:11652:1006/130207.579:WARNING:t_skinfilemap.cpp(56)] SGRenderLog:CheckUpdate newMem.OpenMem failed, szNewMem:Local\sgime_skin.v7.filemap.sogouime err:系统错误2: 系统找不到指定的文件。  
打开Filemap失败: Local\sgime_skin.v7.filemap.sogouime2981d641de7
[4024:11652:1006/130207.579:WARNING:t_skinfilemap.cpp(65)] SGRenderLog:CheckUpdate finish: old version:1
[4024:11652:1006/130207.579:WARNING:t_skinfilemap.cpp(67)] SGRenderLog:CheckUpdate finish: new version:7
[4024:11652:1006/130207.610:WARNING:t_skinfilemap.cpp(63)] SGRenderLog:CheckUpdate newMem.OpenMem Suc, szNewMem:Local\sgime_skin.Dpi120.v7.filemap.sogouime
[4024:11652:1006/130207.610:WARNING:t_skinfilemap.cpp(65)] SGRenderLog:CheckUpdate finish: old version:7
[4024:11652:1006/130207.610:WARNING:t_skinfilemap.cpp(67)] SGRenderLog:CheckUpdate finish: new version:7
[14220:9712:1006/130256.698:WARNING:t_skinfilemap.cpp(56)] SGRenderLog:CheckUpdate newMem.OpenMem failed, szNewMem:Local\sgime_skin.v8.filemap.sogouime err:系统错误2: 系统找不到指定的文件。  
打开Filemap失败: Local\sgime_skin.v8.filemap.sogouime2981d641de7
[14220:9712:1006/130256.698:WARNING:t_skinfilemap.cpp(65)] SGRenderLog:CheckUpdate finish: old version:1
[14220:9712:1006/130256.698:WARNING:t_skinfilemap.cpp(67)] SGRenderLog:CheckUpdate finish: new version:8
[14220:9712:1006/130256.728:WARNING:t_skinfilemap.cpp(63)] SGRenderLog:CheckUpdate newMem.OpenMem Suc, szNewMem:Local\sgime_skin.Dpi120.v8.filemap.sogouime
[14220:9712:1006/130256.728:WARNING:t_skinfilemap.cpp(65)] SGRenderLog:CheckUpdate finish: old version:8
[14220:9712:1006/130256.728:WARNING:t_skinfilemap.cpp(67)] SGRenderLog:CheckUpdate finish: new version:8
[1432:4892:1006/130429.736:WARNING:t_skinfilemap.cpp(56)] SGRenderLog:CheckUpdate newMem.OpenMem failed, szNewMem:Local\sgime_skin.v8.filemap.sogouime err:系统错误2: 系统找不到指定的文件。  
打开Filemap失败: Local\sgime_skin.v8.filemap.sogouime2981d641de7
[1432:4892:1006/130429.736:WARNING:t_skinfilemap.cpp(65)] SGRenderLog:CheckUpdate finish: old version:1
[1432:4892:1006/130429.736:WARNING:t_skinfilemap.cpp(67)] SGRenderLog:CheckUpdate finish: new version:8
[1432:4892:1006/130429.756:WARNING:t_skinfilemap.cpp(63)] SGRenderLog:CheckUpdate newMem.OpenMem Suc, szNewMem:Local\sgime_skin.Dpi120.v8.filemap.sogouime
[1432:4892:1006/130429.756:WARNING:t_skinfilemap.cpp(65)] SGRenderLog:CheckUpdate finish: old version:8
[1432:4892:1006/130429.756:WARNING:t_skinfilemap.cpp(67)] SGRenderLog:CheckUpdate finish: new version:8
[10268:13780:1006/130515.573:WARNING:t_skinfilemap.cpp(56)] SGRenderLog:CheckUpdate newMem.OpenMem failed, szNewMem:Local\sgime_skin.v8.filemap.sogouime err:系统错误2: 系统找不到指定的文件。  
打开Filemap失败: Local\sgime_skin.v8.filemap.sogouime2981d641de7
[10268:13780:1006/130515.573:WARNING:t_skinfilemap.cpp(65)] SGRenderLog:CheckUpdate finish: old version:1
[10268:13780:1006/130515.573:WARNING:t_skinfilemap.cpp(67)] SGRenderLog:CheckUpdate finish: new version:8
[10268:13780:1006/130515.603:WARNING:t_skinfilemap.cpp(63)] SGRenderLog:CheckUpdate newMem.OpenMem Suc, szNewMem:Local\sgime_skin.Dpi120.v8.filemap.sogouime
[10268:13780:1006/130515.603:WARNING:t_skinfilemap.cpp(65)] SGRenderLog:CheckUpdate finish: old version:8
[10268:13780:1006/130515.603:WARNING:t_skinfilemap.cpp(67)] SGRenderLog:CheckUpdate finish: new version:8
[8900:7560:1006/130607.859:WARNING:t_skinfilemap.cpp(56)] SGRenderLog:CheckUpdate newMem.OpenMem failed, szNewMem:Local\sgime_skin.v8.filemap.sogouime err:系统错误2: 系统找不到指定的文件。  
打开Filemap失败: Local\sgime_skin.v8.filemap.sogouime2981d641de7
[8900:7560:1006/130607.859:WARNING:t_skinfilemap.cpp(65)] SGRenderLog:CheckUpdate finish: old version:1
[8900:7560:1006/130607.859:WARNING:t_skinfilemap.cpp(67)] SGRenderLog:CheckUpdate finish: new version:8
[8900:7560:1006/130607.890:WARNING:t_skinfilemap.cpp(63)] SGRenderLog:CheckUpdate newMem.OpenMem Suc, szNewMem:Local\sgime_skin.Dpi120.v8.filemap.sogouime
[8900:7560:1006/130607.890:WARNING:t_skinfilemap.cpp(65)] SGRenderLog:CheckUpdate finish: old version:8
[8900:7560:1006/130607.890:WARNING:t_skinfilemap.cpp(67)] SGRenderLog:CheckUpdate finish: new version:8
[13500:14220:1006/130700.979:WARNING:t_skinfilemap.cpp(56)] SGRenderLog:CheckUpdate newMem.OpenMem failed, szNewMem:Local\sgime_skin.v8.filemap.sogouime err:系统错误2: 系统找不到指定的文件。  
打开Filemap失败: Local\sgime_skin.v8.filemap.sogouime2981d641de7
[13500:14220:1006/130700.979:WARNING:t_skinfilemap.cpp(65)] SGRenderLog:CheckUpdate finish: old version:1
[13500:14220:1006/130700.979:WARNING:t_skinfilemap.cpp(67)] SGRenderLog:CheckUpdate finish: new version:8
[13500:14220:1006/130701.010:WARNING:t_skinfilemap.cpp(63)] SGRenderLog:CheckUpdate newMem.OpenMem Suc, szNewMem:Local\sgime_skin.Dpi120.v8.filemap.sogouime
[13500:14220:1006/130701.010:WARNING:t_skinfilemap.cpp(65)] SGRenderLog:CheckUpdate finish: old version:8
[13500:14220:1006/130701.010:WARNING:t_skinfilemap.cpp(67)] SGRenderLog:CheckUpdate finish: new version:8
[2744:14332:1006/130747.596:WARNING:t_skinfilemap.cpp(56)] SGRenderLog:CheckUpdate newMem.OpenMem failed, szNewMem:Local\sgime_skin.v8.filemap.sogouime err:系统错误2: 系统找不到指定的文件。  
打开Filemap失败: Local\sgime_skin.v8.filemap.sogouime2981d641de7
[2744:14332:1006/130747.596:WARNING:t_skinfilemap.cpp(65)] SGRenderLog:CheckUpdate finish: old version:1
[2744:14332:1006/130747.596:WARNING:t_skinfilemap.cpp(67)] SGRenderLog:CheckUpdate finish: new version:8
[2744:14332:1006/130747.628:WARNING:t_skinfilemap.cpp(63)] SGRenderLog:CheckUpdate newMem.OpenMem Suc, szNewMem:Local\sgime_skin.Dpi120.v8.filemap.sogouime
[2744:14332:1006/130747.628:WARNING:t_skinfilemap.cpp(65)] SGRenderLog:CheckUpdate finish: old version:8
[2744:14332:1006/130747.628:WARNING:t_skinfilemap.cpp(67)] SGRenderLog:CheckUpdate finish: new version:8
[13168:12040:1006/130854.866:WARNING:t_skinfilemap.cpp(56)] SGRenderLog:CheckUpdate newMem.OpenMem failed, szNewMem:Local\sgime_skin.v9.filemap.sogouime err:系统错误2: 系统找不到指定的文件。  
打开Filemap失败: Local\sgime_skin.v9.filemap.sogouime2981d641de7
[13168:12040:1006/130854.866:WARNING:t_skinfilemap.cpp(65)] SGRenderLog:CheckUpdate finish: old version:1
[13168:12040:1006/130854.866:WARNING:t_skinfilemap.cpp(67)] SGRenderLog:CheckUpdate finish: new version:9
[13168:12040:1006/130854.885:WARNING:t_skinfilemap.cpp(63)] SGRenderLog:CheckUpdate newMem.OpenMem Suc, szNewMem:Local\sgime_skin.Dpi120.v9.filemap.sogouime
[13168:12040:1006/130854.885:WARNING:t_skinfilemap.cpp(65)] SGRenderLog:CheckUpdate finish: old version:9
[13168:12040:1006/130854.885:WARNING:t_skinfilemap.cpp(67)] SGRenderLog:CheckUpdate finish: new version:9
[9460:6756:1006/130944.221:WARNING:t_skinfilemap.cpp(56)] SGRenderLog:CheckUpdate newMem.OpenMem failed, szNewMem:Local\sgime_skin.v10.filemap.sogouime err:系统错误2: 系统找不到指定的文件。  
打开Filemap失败: Local\sgime_skin.v10.filemap.sogouime2981d641de7
[9460:6756:1006/130944.221:WARNING:t_skinfilemap.cpp(65)] SGRenderLog:CheckUpdate finish: old version:1
[9460:6756:1006/130944.221:WARNING:t_skinfilemap.cpp(67)] SGRenderLog:CheckUpdate finish: new version:10
[9460:6756:1006/130944.252:WARNING:t_skinfilemap.cpp(63)] SGRenderLog:CheckUpdate newMem.OpenMem Suc, szNewMem:Local\sgime_skin.Dpi120.v10.filemap.sogouime
[9460:6756:1006/130944.252:WARNING:t_skinfilemap.cpp(65)] SGRenderLog:CheckUpdate finish: old version:10
[9460:6756:1006/130944.252:WARNING:t_skinfilemap.cpp(67)] SGRenderLog:CheckUpdate finish: new version:10
[12604:7436:1006/131047.225:WARNING:t_skinfilemap.cpp(56)] SGRenderLog:CheckUpdate newMem.OpenMem failed, szNewMem:Local\sgime_skin.v10.filemap.sogouime err:系统错误2: 系统找不到指定的文件。  
打开Filemap失败: Local\sgime_skin.v10.filemap.sogouime2981d641de7
[12604:7436:1006/131047.225:WARNING:t_skinfilemap.cpp(65)] SGRenderLog:CheckUpdate finish: old version:1
[12604:7436:1006/131047.225:WARNING:t_skinfilemap.cpp(67)] SGRenderLog:CheckUpdate finish: new version:10
[12604:7436:1006/131047.256:WARNING:t_skinfilemap.cpp(63)] SGRenderLog:CheckUpdate newMem.OpenMem Suc, szNewMem:Local\sgime_skin.Dpi120.v10.filemap.sogouime
[12604:7436:1006/131047.256:WARNING:t_skinfilemap.cpp(65)] SGRenderLog:CheckUpdate finish: old version:10
[12604:7436:1006/131047.256:WARNING:t_skinfilemap.cpp(67)] SGRenderLog:CheckUpdate finish: new version:10
[988:14152:1006/131131.561:WARNING:t_skinfilemap.cpp(56)] SGRenderLog:CheckUpdate newMem.OpenMem failed, szNewMem:Local\sgime_skin.v10.filemap.sogouime err:系统错误2: 系统找不到指定的文件。  
打开Filemap失败: Local\sgime_skin.v10.filemap.sogouime2981d641de7
[988:14152:1006/131131.561:WARNING:t_skinfilemap.cpp(65)] SGRenderLog:CheckUpdate finish: old version:1
[988:14152:1006/131131.561:WARNING:t_skinfilemap.cpp(67)] SGRenderLog:CheckUpdate finish: new version:10
[988:14152:1006/131131.593:WARNING:t_skinfilemap.cpp(63)] SGRenderLog:CheckUpdate newMem.OpenMem Suc, szNewMem:Local\sgime_skin.Dpi120.v10.filemap.sogouime
[988:14152:1006/131131.593:WARNING:t_skinfilemap.cpp(65)] SGRenderLog:CheckUpdate finish: old version:10
[988:14152:1006/131131.593:WARNING:t_skinfilemap.cpp(67)] SGRenderLog:CheckUpdate finish: new version:10
[11892:16232:1006/131216.183:WARNING:t_skinfilemap.cpp(56)] SGRenderLog:CheckUpdate newMem.OpenMem failed, szNewMem:Local\sgime_skin.v10.filemap.sogouime err:系统错误2: 系统找不到指定的文件。  
打开Filemap失败: Local\sgime_skin.v10.filemap.sogouime2981d641de7
[11892:16232:1006/131216.183:WARNING:t_skinfilemap.cpp(65)] SGRenderLog:CheckUpdate finish: old version:1
[11892:16232:1006/131216.183:WARNING:t_skinfilemap.cpp(67)] SGRenderLog:CheckUpdate finish: new version:10
[11892:16232:1006/131216.215:WARNING:t_skinfilemap.cpp(63)] SGRenderLog:CheckUpdate newMem.OpenMem Suc, szNewMem:Local\sgime_skin.Dpi120.v10.filemap.sogouime
[11892:16232:1006/131216.215:WARNING:t_skinfilemap.cpp(65)] SGRenderLog:CheckUpdate finish: old version:10
[11892:16232:1006/131216.215:WARNING:t_skinfilemap.cpp(67)] SGRenderLog:CheckUpdate finish: new version:10
[14448:3816:1006/131308.343:WARNING:t_skinfilemap.cpp(56)] SGRenderLog:CheckUpdate newMem.OpenMem failed, szNewMem:Local\sgime_skin.v10.filemap.sogouime err:系统错误2: 系统找不到指定的文件。  
打开Filemap失败: Local\sgime_skin.v10.filemap.sogouime2981d641de7
[14448:3816:1006/131308.343:WARNING:t_skinfilemap.cpp(65)] SGRenderLog:CheckUpdate finish: old version:1
[14448:3816:1006/131308.343:WARNING:t_skinfilemap.cpp(67)] SGRenderLog:CheckUpdate finish: new version:10
[14448:3816:1006/131308.376:WARNING:t_skinfilemap.cpp(63)] SGRenderLog:CheckUpdate newMem.OpenMem Suc, szNewMem:Local\sgime_skin.Dpi120.v10.filemap.sogouime
[14448:3816:1006/131308.376:WARNING:t_skinfilemap.cpp(65)] SGRenderLog:CheckUpdate finish: old version:10
[14448:3816:1006/131308.376:WARNING:t_skinfilemap.cpp(67)] SGRenderLog:CheckUpdate finish: new version:10
[10732:6460:1006/131348.674:WARNING:t_skinfilemap.cpp(56)] SGRenderLog:CheckUpdate newMem.OpenMem failed, szNewMem:Local\sgime_skin.v11.filemap.sogouime err:系统错误2: 系统找不到指定的文件。  
打开Filemap失败: Local\sgime_skin.v11.filemap.sogouime2981d641de7
[10732:6460:1006/131348.674:WARNING:t_skinfilemap.cpp(65)] SGRenderLog:CheckUpdate finish: old version:1
[10732:6460:1006/131348.674:WARNING:t_skinfilemap.cpp(67)] SGRenderLog:CheckUpdate finish: new version:11
[10732:6460:1006/131348.699:WARNING:t_skinfilemap.cpp(63)] SGRenderLog:CheckUpdate newMem.OpenMem Suc, szNewMem:Local\sgime_skin.Dpi120.v11.filemap.sogouime
[10732:6460:1006/131348.699:WARNING:t_skinfilemap.cpp(65)] SGRenderLog:CheckUpdate finish: old version:11
[10732:6460:1006/131348.699:WARNING:t_skinfilemap.cpp(67)] SGRenderLog:CheckUpdate finish: new version:11
[14200:12532:1006/131435.873:WARNING:t_skinfilemap.cpp(56)] SGRenderLog:CheckUpdate newMem.OpenMem failed, szNewMem:Local\sgime_skin.v11.filemap.sogouime err:系统错误2: 系统找不到指定的文件。  
打开Filemap失败: Local\sgime_skin.v11.filemap.sogouime2981d641de7
[14200:12532:1006/131435.873:WARNING:t_skinfilemap.cpp(65)] SGRenderLog:CheckUpdate finish: old version:1
[14200:12532:1006/131435.873:WARNING:t_skinfilemap.cpp(67)] SGRenderLog:CheckUpdate finish: new version:11
[14200:12532:1006/131435.891:WARNING:t_skinfilemap.cpp(63)] SGRenderLog:CheckUpdate newMem.OpenMem Suc, szNewMem:Local\sgime_skin.Dpi120.v11.filemap.sogouime
[14200:12532:1006/131435.891:WARNING:t_skinfilemap.cpp(65)] SGRenderLog:CheckUpdate finish: old version:11
[14200:12532:1006/131435.891:WARNING:t_skinfilemap.cpp(67)] SGRenderLog:CheckUpdate finish: new version:11
[10260:14340:1006/131517.475:WARNING:t_skinfilemap.cpp(56)] SGRenderLog:CheckUpdate newMem.OpenMem failed, szNewMem:Local\sgime_skin.v11.filemap.sogouime err:系统错误2: 系统找不到指定的文件。  
打开Filemap失败: Local\sgime_skin.v11.filemap.sogouime2981d641de7
[10260:14340:1006/131517.475:WARNING:t_skinfilemap.cpp(65)] SGRenderLog:CheckUpdate finish: old version:1
[10260:14340:1006/131517.475:WARNING:t_skinfilemap.cpp(67)] SGRenderLog:CheckUpdate finish: new version:11
[10260:14340:1006/131517.494:WARNING:t_skinfilemap.cpp(63)] SGRenderLog:CheckUpdate newMem.OpenMem Suc, szNewMem:Local\sgime_skin.Dpi120.v11.filemap.sogouime
[10260:14340:1006/131517.494:WARNING:t_skinfilemap.cpp(65)] SGRenderLog:CheckUpdate finish: old version:11
[10260:14340:1006/131517.494:WARNING:t_skinfilemap.cpp(67)] SGRenderLog:CheckUpdate finish: new version:11
[13268:9896:1006/131630.529:WARNING:t_skinfilemap.cpp(56)] SGRenderLog:CheckUpdate newMem.OpenMem failed, szNewMem:Local\sgime_skin.v11.filemap.sogouime err:系统错误2: 系统找不到指定的文件。  
打开Filemap失败: Local\sgime_skin.v11.filemap.sogouime2981d641de7
[13268:9896:1006/131630.529:WARNING:t_skinfilemap.cpp(65)] SGRenderLog:CheckUpdate finish: old version:1
[13268:9896:1006/131630.529:WARNING:t_skinfilemap.cpp(67)] SGRenderLog:CheckUpdate finish: new version:11
[13268:9896:1006/131630.560:WARNING:t_skinfilemap.cpp(63)] SGRenderLog:CheckUpdate newMem.OpenMem Suc, szNewMem:Local\sgime_skin.Dpi120.v11.filemap.sogouime
[13268:9896:1006/131630.560:WARNING:t_skinfilemap.cpp(65)] SGRenderLog:CheckUpdate finish: old version:11
[13268:9896:1006/131630.560:WARNING:t_skinfilemap.cpp(67)] SGRenderLog:CheckUpdate finish: new version:11
